Archive member included because of file (symbol)

/usr/lib/gcc/avr/4.8.2/avr5/libgcc.a(_udivmodqi4.o)
                              main.o (__udivmodqi4)
/usr/lib/gcc/avr/4.8.2/avr5/libgcc.a(_udivmodhi4.o)
                              main.o (__udivmodhi4)
/usr/lib/gcc/avr/4.8.2/avr5/libgcc.a(_divmodhi4.o)
                              main.o (__divmodhi4)
/usr/lib/gcc/avr/4.8.2/avr5/libgcc.a(_udivmodsi4.o)
                              ../amol-ven-Avark-757add0/SRC/avark.o (__udivmodsi4)
/usr/lib/gcc/avr/4.8.2/avr5/libgcc.a(_exit.o)
                              /usr/lib/gcc/avr/4.8.2/../../../avr/lib/avr5/crtm32.o (exit)
/usr/lib/gcc/avr/4.8.2/avr5/libgcc.a(_copy_data.o)
                              main.o (__do_copy_data)
/usr/lib/gcc/avr/4.8.2/avr5/libgcc.a(_clear_bss.o)
                              main.o (__do_clear_bss)
/usr/lib/gcc/avr/4.8.2/avr5/libgcc.a(_adddi3.o)
                              ../amol-ven-Avark-757add0/SRC/avark.o (__adddi3)
/usr/lib/gcc/avr/4.8.2/avr5/libgcc.a(_subdi3.o)
                              ../amol-ven-Avark-757add0/SRC/avark.o (__subdi3)
/usr/lib/gcc/avr/4.8.2/avr5/libgcc.a(_cmpdi2.o)
                              ../amol-ven-Avark-757add0/SRC/avark.o (__cmpdi2)

Allocating common symbols
Common symbol       size              file

addressL            0x1               ../amol-ven-Avark-757add0/SRC/avark.o
K_CONTEXT_SWITCHER_STACK
                    0x32              ../amol-ven-Avark-757add0/SRC/avark.o
task_address        0x6               main.o
task_stackpointer   0x6               ../amol-ven-Avark-757add0/SRC/avark.o
K_TASK_WAKEUP_TIME  0x40              ../amol-ven-Avark-757add0/SRC/avark.o
set2_stack          0xc8              main.o
Registers           0xf               main.o
RegAddr             0x2               main.o
addressH            0x1               ../amol-ven-Avark-757add0/SRC/avark.o
K_TISR              0x6               ../amol-ven-Avark-757add0/SRC/avark.o
K_IDLE_TASK_STACK   0x28              ../amol-ven-Avark-757add0/SRC/avark.o
K_TASK_MUTEX_WAITING_ATTEMPTS
                    0x3               ../amol-ven-Avark-757add0/SRC/avark.o
set1_stack          0xc8              main.o
K_TASK_MUTEX_TAKEN_BY
                    0x3               ../amol-ven-Avark-757add0/SRC/avark.o
K_TASK_NAME         0x1e              ../amol-ven-Avark-757add0/SRC/avark.o
set3_stack          0xc8              main.o

Memory Configuration

Name             Origin             Length             Attributes
text             0x00000000         0x00020000         xr
data             0x00800060         0x0000ffa0         rw !x
eeprom           0x00810000         0x00010000         rw !x
fuse             0x00820000         0x00000400         rw !x
lock             0x00830000         0x00000400         rw !x
signature        0x00840000         0x00000400         rw !x
user_signatures  0x00850000         0x00000400         rw !x
*default*        0x00000000         0xffffffff

Linker script and memory map

LOAD /usr/lib/gcc/avr/4.8.2/../../../avr/lib/avr5/crtm32.o
LOAD /usr/lib/gcc/avr/4.8.2/../../../avr/lib/avr5/libm.a
LOAD main.o
LOAD cmd.o
LOAD ../amol-ven-Avark-757add0/SRC/avark.o
START GROUP
LOAD /usr/lib/gcc/avr/4.8.2/avr5/libgcc.a
LOAD /usr/lib/gcc/avr/4.8.2/../../../avr/lib/avr5/libm.a
LOAD /usr/lib/gcc/avr/4.8.2/../../../avr/lib/avr5/libc.a
END GROUP

.hash
 *(.hash)

.dynsym
 *(.dynsym)

.dynstr
 *(.dynstr)

.gnu.version
 *(.gnu.version)

.gnu.version_d
 *(.gnu.version_d)

.gnu.version_r
 *(.gnu.version_r)

.rel.init
 *(.rel.init)

.rela.init
 *(.rela.init)

.rel.text
 *(.rel.text)
 *(.rel.text.*)
 *(.rel.gnu.linkonce.t*)

.rela.text
 *(.rela.text)
 *(.rela.text.*)
 *(.rela.gnu.linkonce.t*)

.rel.fini
 *(.rel.fini)

.rela.fini
 *(.rela.fini)

.rel.rodata
 *(.rel.rodata)
 *(.rel.rodata.*)
 *(.rel.gnu.linkonce.r*)

.rela.rodata
 *(.rela.rodata)
 *(.rela.rodata.*)
 *(.rela.gnu.linkonce.r*)

.rel.data
 *(.rel.data)
 *(.rel.data.*)
 *(.rel.gnu.linkonce.d*)

.rela.data
 *(.rela.data)
 *(.rela.data.*)
 *(.rela.gnu.linkonce.d*)

.rel.ctors
 *(.rel.ctors)

.rela.ctors
 *(.rela.ctors)

.rel.dtors
 *(.rel.dtors)

.rela.dtors
 *(.rela.dtors)

.rel.got
 *(.rel.got)

.rela.got
 *(.rela.got)

.rel.bss
 *(.rel.bss)

.rela.bss
 *(.rela.bss)

.rel.plt
 *(.rel.plt)

.rela.plt
 *(.rela.plt)

.text           0x00000000      0xeaa
 *(.vectors)
 .vectors       0x00000000       0x54 /usr/lib/gcc/avr/4.8.2/../../../avr/lib/avr5/crtm32.o
                0x00000000                __vectors
 *(.vectors)
 *(.progmem.gcc*)
 *(.progmem*)
                0x00000054                . = ALIGN (0x2)
                0x00000054                __trampolines_start = .
 *(.trampolines)
 .trampolines   0x00000054        0x0 linker stubs
 *(.trampolines*)
                0x00000054                __trampolines_end = .
 *(.jumptables)
 *(.jumptables*)
 *(.lowtext)
 *(.lowtext*)
                0x00000054                __ctors_start = .
 *(.ctors)
                0x00000054                __ctors_end = .
                0x00000054                __dtors_start = .
 *(.dtors)
                0x00000054                __dtors_end = .
 SORT(*)(.ctors)
 SORT(*)(.dtors)
 *(.init0)
 .init0         0x00000054        0x0 /usr/lib/gcc/avr/4.8.2/../../../avr/lib/avr5/crtm32.o
                0x00000054                __init
 *(.init0)
 *(.init1)
 *(.init1)
 *(.init2)
 .init2         0x00000054        0xc /usr/lib/gcc/avr/4.8.2/../../../avr/lib/avr5/crtm32.o
 *(.init2)
 *(.init3)
 *(.init3)
 *(.init4)
 .init4         0x00000060       0x16 /usr/lib/gcc/avr/4.8.2/avr5/libgcc.a(_copy_data.o)
                0x00000060                __do_copy_data
 .init4         0x00000076       0x10 /usr/lib/gcc/avr/4.8.2/avr5/libgcc.a(_clear_bss.o)
                0x00000076                __do_clear_bss
 *(.init4)
 *(.init5)
 *(.init5)
 *(.init6)
 *(.init6)
 *(.init7)
 *(.init7)
 *(.init8)
 *(.init8)
 *(.init9)
 .init9         0x00000086        0x8 /usr/lib/gcc/avr/4.8.2/../../../avr/lib/avr5/crtm32.o
 *(.init9)
 *(.text)
 .text          0x0000008e        0x4 /usr/lib/gcc/avr/4.8.2/../../../avr/lib/avr5/crtm32.o
                0x0000008e                __vector_1
                0x0000008e                __vector_12
                0x0000008e                __bad_interrupt
                0x0000008e                __vector_6
                0x0000008e                __vector_3
                0x0000008e                __vector_17
                0x0000008e                __vector_7
                0x0000008e                __vector_5
                0x0000008e                __vector_4
                0x0000008e                __vector_9
                0x0000008e                __vector_2
                0x0000008e                __vector_15
                0x0000008e                __vector_8
                0x0000008e                __vector_14
                0x0000008e                __vector_10
                0x0000008e                __vector_16
                0x0000008e                __vector_18
                0x0000008e                __vector_20
 .text          0x00000092      0x6f0 main.o
                0x00000092                sendByte
                0x00000106                sendWord
                0x0000018c                set1
                0x000002a2                set2
                0x000003c0                set3
                0x000004de                __vector_19
                0x00000736                __vector_13
 .text          0x00000782       0x22 cmd.o
                0x00000782                getSetFrmCmd
                0x0000078e                getOprFrmCmd
                0x0000079a                getValFrmCmd
 .text          0x000007a4      0x5bc ../amol-ven-Avark-757add0/SRC/avark.o
                0x000007a4                K_idle
                0x000007a6                sendChar
                0x000007c2                sendString
                0x000007de                sendULInt
                0x000008a0                K_schedule
                0x000009c2                K_start
                0x00000a34                K_taskQuit
                0x00000ad2                K_init
                0x00000b14                __vector_11
                0x00000d5e                __vector_default
 .text          0x00000d60        0x0 /usr/lib/gcc/avr/4.8.2/avr5/libgcc.a(_udivmodqi4.o)
 .text          0x00000d60        0x0 /usr/lib/gcc/avr/4.8.2/avr5/libgcc.a(_udivmodhi4.o)
 .text          0x00000d60        0x0 /usr/lib/gcc/avr/4.8.2/avr5/libgcc.a(_divmodhi4.o)
 .text          0x00000d60        0x0 /usr/lib/gcc/avr/4.8.2/avr5/libgcc.a(_udivmodsi4.o)
 .text          0x00000d60        0x0 /usr/lib/gcc/avr/4.8.2/avr5/libgcc.a(_exit.o)
 .text          0x00000d60        0x0 /usr/lib/gcc/avr/4.8.2/avr5/libgcc.a(_copy_data.o)
 .text          0x00000d60        0x0 /usr/lib/gcc/avr/4.8.2/avr5/libgcc.a(_clear_bss.o)
 .text          0x00000d60        0x0 /usr/lib/gcc/avr/4.8.2/avr5/libgcc.a(_adddi3.o)
 .text          0x00000d60        0x0 /usr/lib/gcc/avr/4.8.2/avr5/libgcc.a(_subdi3.o)
 .text          0x00000d60        0x0 /usr/lib/gcc/avr/4.8.2/avr5/libgcc.a(_cmpdi2.o)
                0x00000d60                . = ALIGN (0x2)
 *(.text.*)
 .text.startup  0x00000d60       0x64 main.o
                0x00000d60                main
 .text.libgcc.mul
                0x00000dc4        0x0 /usr/lib/gcc/avr/4.8.2/avr5/libgcc.a(_udivmodqi4.o)
 .text.libgcc.div
                0x00000dc4       0x18 /usr/lib/gcc/avr/4.8.2/avr5/libgcc.a(_udivmodqi4.o)
                0x00000dc4                __udivmodqi4
 .text.libgcc   0x00000ddc        0x0 /usr/lib/gcc/avr/4.8.2/avr5/libgcc.a(_udivmodqi4.o)
 .text.libgcc.prologue
                0x00000ddc        0x0 /usr/lib/gcc/avr/4.8.2/avr5/libgcc.a(_udivmodqi4.o)
 .text.libgcc.builtins
                0x00000ddc        0x0 /usr/lib/gcc/avr/4.8.2/avr5/libgcc.a(_udivmodqi4.o)
 .text.libgcc.fmul
                0x00000ddc        0x0 /usr/lib/gcc/avr/4.8.2/avr5/libgcc.a(_udivmodqi4.o)
 .text.libgcc.fixed
                0x00000ddc        0x0 /usr/lib/gcc/avr/4.8.2/avr5/libgcc.a(_udivmodqi4.o)
 .text.libgcc.mul
                0x00000ddc        0x0 /usr/lib/gcc/avr/4.8.2/avr5/libgcc.a(_udivmodhi4.o)
 .text.libgcc.div
                0x00000ddc       0x28 /usr/lib/gcc/avr/4.8.2/avr5/libgcc.a(_udivmodhi4.o)
                0x00000ddc                __udivmodhi4
 .text.libgcc   0x00000e04        0x0 /usr/lib/gcc/avr/4.8.2/avr5/libgcc.a(_udivmodhi4.o)
 .text.libgcc.prologue
                0x00000e04        0x0 /usr/lib/gcc/avr/4.8.2/avr5/libgcc.a(_udivmodhi4.o)
 .text.libgcc.builtins
                0x00000e04        0x0 /usr/lib/gcc/avr/4.8.2/avr5/libgcc.a(_udivmodhi4.o)
 .text.libgcc.fmul
                0x00000e04        0x0 /usr/lib/gcc/avr/4.8.2/avr5/libgcc.a(_udivmodhi4.o)
 .text.libgcc.fixed
                0x00000e04        0x0 /usr/lib/gcc/avr/4.8.2/avr5/libgcc.a(_udivmodhi4.o)
 .text.libgcc.mul
                0x00000e04        0x0 /usr/lib/gcc/avr/4.8.2/avr5/libgcc.a(_divmodhi4.o)
 .text.libgcc.div
                0x00000e04       0x28 /usr/lib/gcc/avr/4.8.2/avr5/libgcc.a(_divmodhi4.o)
                0x00000e04                __divmodhi4
                0x00000e04                _div
 .text.libgcc   0x00000e2c        0x0 /usr/lib/gcc/avr/4.8.2/avr5/libgcc.a(_divmodhi4.o)
 .text.libgcc.prologue
                0x00000e2c        0x0 /usr/lib/gcc/avr/4.8.2/avr5/libgcc.a(_divmodhi4.o)
 .text.libgcc.builtins
                0x00000e2c        0x0 /usr/lib/gcc/avr/4.8.2/avr5/libgcc.a(_divmodhi4.o)
 .text.libgcc.fmul
                0x00000e2c        0x0 /usr/lib/gcc/avr/4.8.2/avr5/libgcc.a(_divmodhi4.o)
 .text.libgcc.fixed
                0x00000e2c        0x0 /usr/lib/gcc/avr/4.8.2/avr5/libgcc.a(_divmodhi4.o)
 .text.libgcc.mul
                0x00000e2c        0x0 /usr/lib/gcc/avr/4.8.2/avr5/libgcc.a(_udivmodsi4.o)
 .text.libgcc.div
                0x00000e2c       0x44 /usr/lib/gcc/avr/4.8.2/avr5/libgcc.a(_udivmodsi4.o)
                0x00000e2c                __udivmodsi4
 .text.libgcc   0x00000e70        0x0 /usr/lib/gcc/avr/4.8.2/avr5/libgcc.a(_udivmodsi4.o)
 .text.libgcc.prologue
                0x00000e70        0x0 /usr/lib/gcc/avr/4.8.2/avr5/libgcc.a(_udivmodsi4.o)
 .text.libgcc.builtins
                0x00000e70        0x0 /usr/lib/gcc/avr/4.8.2/avr5/libgcc.a(_udivmodsi4.o)
 .text.libgcc.fmul
                0x00000e70        0x0 /usr/lib/gcc/avr/4.8.2/avr5/libgcc.a(_udivmodsi4.o)
 .text.libgcc.fixed
                0x00000e70        0x0 /usr/lib/gcc/avr/4.8.2/avr5/libgcc.a(_udivmodsi4.o)
 .text.libgcc.mul
                0x00000e70        0x0 /usr/lib/gcc/avr/4.8.2/avr5/libgcc.a(_exit.o)
 .text.libgcc.div
                0x00000e70        0x0 /usr/lib/gcc/avr/4.8.2/avr5/libgcc.a(_exit.o)
 .text.libgcc   0x00000e70        0x0 /usr/lib/gcc/avr/4.8.2/avr5/libgcc.a(_exit.o)
 .text.libgcc.prologue
                0x00000e70        0x0 /usr/lib/gcc/avr/4.8.2/avr5/libgcc.a(_exit.o)
 .text.libgcc.builtins
                0x00000e70        0x0 /usr/lib/gcc/avr/4.8.2/avr5/libgcc.a(_exit.o)
 .text.libgcc.fmul
                0x00000e70        0x0 /usr/lib/gcc/avr/4.8.2/avr5/libgcc.a(_exit.o)
 .text.libgcc.fixed
                0x00000e70        0x0 /usr/lib/gcc/avr/4.8.2/avr5/libgcc.a(_exit.o)
 .text.libgcc.mul
                0x00000e70        0x0 /usr/lib/gcc/avr/4.8.2/avr5/libgcc.a(_copy_data.o)
 .text.libgcc.div
                0x00000e70        0x0 /usr/lib/gcc/avr/4.8.2/avr5/libgcc.a(_copy_data.o)
 .text.libgcc   0x00000e70        0x0 /usr/lib/gcc/avr/4.8.2/avr5/libgcc.a(_copy_data.o)
 .text.libgcc.prologue
                0x00000e70        0x0 /usr/lib/gcc/avr/4.8.2/avr5/libgcc.a(_copy_data.o)
 .text.libgcc.builtins
                0x00000e70        0x0 /usr/lib/gcc/avr/4.8.2/avr5/libgcc.a(_copy_data.o)
 .text.libgcc.fmul
                0x00000e70        0x0 /usr/lib/gcc/avr/4.8.2/avr5/libgcc.a(_copy_data.o)
 .text.libgcc.fixed
                0x00000e70        0x0 /usr/lib/gcc/avr/4.8.2/avr5/libgcc.a(_copy_data.o)
 .text.libgcc.mul
                0x00000e70        0x0 /usr/lib/gcc/avr/4.8.2/avr5/libgcc.a(_clear_bss.o)
 .text.libgcc.div
                0x00000e70        0x0 /usr/lib/gcc/avr/4.8.2/avr5/libgcc.a(_clear_bss.o)
 .text.libgcc   0x00000e70        0x0 /usr/lib/gcc/avr/4.8.2/avr5/libgcc.a(_clear_bss.o)
 .text.libgcc.prologue
                0x00000e70        0x0 /usr/lib/gcc/avr/4.8.2/avr5/libgcc.a(_clear_bss.o)
 .text.libgcc.builtins
                0x00000e70        0x0 /usr/lib/gcc/avr/4.8.2/avr5/libgcc.a(_clear_bss.o)
 .text.libgcc.fmul
                0x00000e70        0x0 /usr/lib/gcc/avr/4.8.2/avr5/libgcc.a(_clear_bss.o)
 .text.libgcc.fixed
                0x00000e70        0x0 /usr/lib/gcc/avr/4.8.2/avr5/libgcc.a(_clear_bss.o)
 .text.libgcc.mul
                0x00000e70        0x0 /usr/lib/gcc/avr/4.8.2/avr5/libgcc.a(_adddi3.o)
 .text.libgcc.div
                0x00000e70        0x0 /usr/lib/gcc/avr/4.8.2/avr5/libgcc.a(_adddi3.o)
 .text.libgcc   0x00000e70       0x12 /usr/lib/gcc/avr/4.8.2/avr5/libgcc.a(_adddi3.o)
                0x00000e70                __adddi3
 .text.libgcc.prologue
                0x00000e82        0x0 /usr/lib/gcc/avr/4.8.2/avr5/libgcc.a(_adddi3.o)
 .text.libgcc.builtins
                0x00000e82        0x0 /usr/lib/gcc/avr/4.8.2/avr5/libgcc.a(_adddi3.o)
 .text.libgcc.fmul
                0x00000e82        0x0 /usr/lib/gcc/avr/4.8.2/avr5/libgcc.a(_adddi3.o)
 .text.libgcc.fixed
                0x00000e82        0x0 /usr/lib/gcc/avr/4.8.2/avr5/libgcc.a(_adddi3.o)
 .text.libgcc.mul
                0x00000e82        0x0 /usr/lib/gcc/avr/4.8.2/avr5/libgcc.a(_subdi3.o)
 .text.libgcc.div
                0x00000e82        0x0 /usr/lib/gcc/avr/4.8.2/avr5/libgcc.a(_subdi3.o)
 .text.libgcc   0x00000e82       0x12 /usr/lib/gcc/avr/4.8.2/avr5/libgcc.a(_subdi3.o)
                0x00000e82                __subdi3
 .text.libgcc.prologue
                0x00000e94        0x0 /usr/lib/gcc/avr/4.8.2/avr5/libgcc.a(_subdi3.o)
 .text.libgcc.builtins
                0x00000e94        0x0 /usr/lib/gcc/avr/4.8.2/avr5/libgcc.a(_subdi3.o)
 .text.libgcc.fmul
                0x00000e94        0x0 /usr/lib/gcc/avr/4.8.2/avr5/libgcc.a(_subdi3.o)
 .text.libgcc.fixed
                0x00000e94        0x0 /usr/lib/gcc/avr/4.8.2/avr5/libgcc.a(_subdi3.o)
 .text.libgcc.mul
                0x00000e94        0x0 /usr/lib/gcc/avr/4.8.2/avr5/libgcc.a(_cmpdi2.o)
 .text.libgcc.div
                0x00000e94        0x0 /usr/lib/gcc/avr/4.8.2/avr5/libgcc.a(_cmpdi2.o)
 .text.libgcc   0x00000e94       0x12 /usr/lib/gcc/avr/4.8.2/avr5/libgcc.a(_cmpdi2.o)
                0x00000e94                __cmpdi2
 .text.libgcc.prologue
                0x00000ea6        0x0 /usr/lib/gcc/avr/4.8.2/avr5/libgcc.a(_cmpdi2.o)
 .text.libgcc.builtins
                0x00000ea6        0x0 /usr/lib/gcc/avr/4.8.2/avr5/libgcc.a(_cmpdi2.o)
 .text.libgcc.fmul
                0x00000ea6        0x0 /usr/lib/gcc/avr/4.8.2/avr5/libgcc.a(_cmpdi2.o)
 .text.libgcc.fixed
                0x00000ea6        0x0 /usr/lib/gcc/avr/4.8.2/avr5/libgcc.a(_cmpdi2.o)
                0x00000ea6                . = ALIGN (0x2)
 *(.fini9)
 .fini9         0x00000ea6        0x0 /usr/lib/gcc/avr/4.8.2/avr5/libgcc.a(_exit.o)
                0x00000ea6                exit
                0x00000ea6                _exit
 *(.fini9)
 *(.fini8)
 *(.fini8)
 *(.fini7)
 *(.fini7)
 *(.fini6)
 *(.fini6)
 *(.fini5)
 *(.fini5)
 *(.fini4)
 *(.fini4)
 *(.fini3)
 *(.fini3)
 *(.fini2)
 *(.fini2)
 *(.fini1)
 *(.fini1)
 *(.fini0)
 .fini0         0x00000ea6        0x4 /usr/lib/gcc/avr/4.8.2/avr5/libgcc.a(_exit.o)
 *(.fini0)
                0x00000eaa                _etext = .

.data           0x00800060       0xf6 load address 0x00000eaa
                0x00800060                PROVIDE (__data_start, .)
 *(.data)
 .data          0x00800060        0x0 /usr/lib/gcc/avr/4.8.2/../../../avr/lib/avr5/crtm32.o
 .data          0x00800060        0x0 main.o
 .data          0x00800060        0x0 cmd.o
 .data          0x00800060        0xa ../amol-ven-Avark-757add0/SRC/avark.o
                0x00800060                K_TIME
                0x00800068                task_firstrun
                0x00800069                current_process
 .data          0x0080006a        0x0 /usr/lib/gcc/avr/4.8.2/avr5/libgcc.a(_udivmodqi4.o)
 .data          0x0080006a        0x0 /usr/lib/gcc/avr/4.8.2/avr5/libgcc.a(_udivmodhi4.o)
 .data          0x0080006a        0x0 /usr/lib/gcc/avr/4.8.2/avr5/libgcc.a(_divmodhi4.o)
 .data          0x0080006a        0x0 /usr/lib/gcc/avr/4.8.2/avr5/libgcc.a(_udivmodsi4.o)
 .data          0x0080006a        0x0 /usr/lib/gcc/avr/4.8.2/avr5/libgcc.a(_exit.o)
 .data          0x0080006a        0x0 /usr/lib/gcc/avr/4.8.2/avr5/libgcc.a(_copy_data.o)
 .data          0x0080006a        0x0 /usr/lib/gcc/avr/4.8.2/avr5/libgcc.a(_clear_bss.o)
 .data          0x0080006a        0x0 /usr/lib/gcc/avr/4.8.2/avr5/libgcc.a(_adddi3.o)
 .data          0x0080006a        0x0 /usr/lib/gcc/avr/4.8.2/avr5/libgcc.a(_subdi3.o)
 .data          0x0080006a        0x0 /usr/lib/gcc/avr/4.8.2/avr5/libgcc.a(_cmpdi2.o)
 *(.data*)
 *(.rodata)
 *(.rodata*)
 .rodata.str1.1
                0x0080006a       0xec main.o
                                 0xef (size before relaxing)
 *(.gnu.linkonce.d*)
                0x00800156                . = ALIGN (0x2)
                0x00800156                _edata = .
                0x00800156                PROVIDE (__data_end, .)

.bss            0x00800156      0x341
                0x00800156                PROVIDE (__bss_start, .)
 *(.bss)
 .bss           0x00800156        0x0 /usr/lib/gcc/avr/4.8.2/../../../avr/lib/avr5/crtm32.o
 .bss           0x00800156        0x2 main.o
                0x00800156                state
 .bss           0x00800158        0x0 cmd.o
 .bss           0x00800158        0x4 ../amol-ven-Avark-757add0/SRC/avark.o
                0x00800158                K_TASK_ALARM_SET
                0x00800159                K_ALL_WAITING_CHECKING_BYTE
                0x0080015a                K_TASK_WAITING
                0x0080015b                K_SYSTEM_ERROR_CODE
 .bss           0x0080015c        0x0 /usr/lib/gcc/avr/4.8.2/avr5/libgcc.a(_udivmodqi4.o)
 .bss           0x0080015c        0x0 /usr/lib/gcc/avr/4.8.2/avr5/libgcc.a(_udivmodhi4.o)
 .bss           0x0080015c        0x0 /usr/lib/gcc/avr/4.8.2/avr5/libgcc.a(_divmodhi4.o)
 .bss           0x0080015c        0x0 /usr/lib/gcc/avr/4.8.2/avr5/libgcc.a(_udivmodsi4.o)
 .bss           0x0080015c        0x0 /usr/lib/gcc/avr/4.8.2/avr5/libgcc.a(_exit.o)
 .bss           0x0080015c        0x0 /usr/lib/gcc/avr/4.8.2/avr5/libgcc.a(_copy_data.o)
 .bss           0x0080015c        0x0 /usr/lib/gcc/avr/4.8.2/avr5/libgcc.a(_clear_bss.o)
 .bss           0x0080015c        0x0 /usr/lib/gcc/avr/4.8.2/avr5/libgcc.a(_adddi3.o)
 .bss           0x0080015c        0x0 /usr/lib/gcc/avr/4.8.2/avr5/libgcc.a(_subdi3.o)
 .bss           0x0080015c        0x0 /usr/lib/gcc/avr/4.8.2/avr5/libgcc.a(_cmpdi2.o)
 *(.bss*)
 *(COMMON)
 COMMON         0x0080015c      0x26f main.o
                0x0080015c                task_address
                0x00800162                set2_stack
                0x0080022a                Registers
                0x00800239                RegAddr
                0x0080023b                set1_stack
                0x00800303                set3_stack
 COMMON         0x008003cb       0xcc ../amol-ven-Avark-757add0/SRC/avark.o
                0x008003cb                addressL
                0x008003cc                K_CONTEXT_SWITCHER_STACK
                0x008003fe                task_stackpointer
                0x00800404                K_TASK_WAKEUP_TIME
                0x00800444                addressH
                0x00800445                K_TISR
                0x0080044b                K_IDLE_TASK_STACK
                0x00800473                K_TASK_MUTEX_WAITING_ATTEMPTS
                0x00800476                K_TASK_MUTEX_TAKEN_BY
                0x00800479                K_TASK_NAME
                0x00800497                PROVIDE (__bss_end, .)
                0x00000eaa                __data_load_start = LOADADDR (.data)
                0x00000fa0                __data_load_end = (__data_load_start + SIZEOF (.data))

.noinit         0x00800497        0x0
                0x00800497                PROVIDE (__noinit_start, .)
 *(.noinit*)
                0x00800497                PROVIDE (__noinit_end, .)
                0x00800497                _end = .
                0x00800497                PROVIDE (__heap_start, .)

.eeprom         0x00810000        0x0
 *(.eeprom*)
                0x00810000                __eeprom_end = .

.fuse
 *(.fuse)
 *(.lfuse)
 *(.hfuse)
 *(.efuse)

.lock
 *(.lock*)

.signature
 *(.signature*)

.user_signatures
 *(.user_signatures*)

.stab           0x00000000     0x2d24
 *(.stab)
 .stab          0x00000000      0x6cc /usr/lib/gcc/avr/4.8.2/../../../avr/lib/avr5/crtm32.o
 .stab          0x000006cc     0x1380 main.o
                               0x138c (size before relaxing)
 .stab          0x00001a4c      0x384 cmd.o
                                0x390 (size before relaxing)
 .stab          0x00001dd0      0xf54 ../amol-ven-Avark-757add0/SRC/avark.o
                               0x1194 (size before relaxing)

.stabstr        0x00000000     0x1511
 *(.stabstr)
 .stabstr       0x00000000     0x1511 /usr/lib/gcc/avr/4.8.2/../../../avr/lib/avr5/crtm32.o

.stab.excl
 *(.stab.excl)

.stab.exclstr
 *(.stab.exclstr)

.stab.index
 *(.stab.index)

.stab.indexstr
 *(.stab.indexstr)

.comment        0x00000000       0x11
 *(.comment)
 .comment       0x00000000       0x11 main.o
                                 0x12 (size before relaxing)
 .comment       0x00000000       0x12 cmd.o
 .comment       0x00000000       0x12 ../amol-ven-Avark-757add0/SRC/avark.o

.debug
 *(.debug)

.line
 *(.line)

.debug_srcinfo
 *(.debug_srcinfo)

.debug_sfnames
 *(.debug_sfnames)

.debug_aranges
 *(.debug_aranges)

.debug_pubnames
 *(.debug_pubnames)

.debug_info
 *(.debug_info)
 *(.gnu.linkonce.wi.*)

.debug_abbrev
 *(.debug_abbrev)

.debug_line
 *(.debug_line)

.debug_frame
 *(.debug_frame)

.debug_str
 *(.debug_str)

.debug_loc
 *(.debug_loc)

.debug_macinfo
 *(.debug_macinfo)

.debug_pubtypes
 *(.debug_pubtypes)

.debug_ranges
 *(.debug_ranges)

.debug_macro
 *(.debug_macro)
OUTPUT(myproject.out elf32-avr)
LOAD linker stubs
